---
source: tests/rule_tests/convert_require.rs
expression: "process `tests/test_cases/sourcemap/main.server.lua`"
---
local Project = require("./src")
