---
source: tests/cli.rs
expression: content
---
successfully processed 1 file (in {{DURATION}})

 INFO > using default configuration
 INFO > Successfully processed `src/init.lua`
 INFO > Executed work in {{DURATION}}
