---
source: tests/cli.rs
expression: content
---
successfully minified 1 file (in {{DURATION}})

 INFO > Successfully processed `src/init.lua`
 INFO > Executed work in {{DURATION}}
